[symbiot4.creatingo.com/index.html]
[backblue.gif]
[fade.gif]
[index.html]
[symbiot4.creatingo.com/profile.html]
[symbiot4.creatingo.com/login.html]
[symbiot4.creatingo.com/index-2.html]
[symbiot4.creatingo.com/lights.html]
[symbiot4.creatingo.com/cameras.html]
[symbiot4.creatingo.com/appliances.html]
[symbiot4.creatingo.com/climate.html]
[symbiot4.creatingo.com/assets/videos/street.mp4]
[symbiot4.creatingo.com/assets/videos/street.webm]
[symbiot4.creatingo.com/assets/videos/room.mp4]
[symbiot4.creatingo.com/assets/videos/room.webm]
[code.jquery.com/jquery-3.4.1.min.js]
[symbiot4.creatingo.com/assets/js/bootstrap.bundle.min.js]
[symbiot4.creatingo.com/assets/js/svg4everybody.min.js]
[symbiot4.creatingo.com/assets/js/iot-timer.min.js]
[symbiot4.creatingo.com/assets/js/iot-functions.min.js]
[symbiot4.creatingo.com/index.html]
[symbiot4.creatingo.com/assets/css/iot-theme-bundle.min.css]
[symbiot4.creatingo.com/assets/images/icons-sprite.svg]
[symbiot4.creatingo.com/profile.html]
[symbiot4.creatingo.com/login.html]
[symbiot4.creatingo.com/index-2.html]
[symbiot4.creatingo.com/assets/js/iot-range-slider.min.js]
[symbiot4.creatingo.com/assets/js/chartist.min.js]
[symbiot4.creatingo.com/assets/js/chartist-legend.min.js]
[symbiot4.creatingo.com/lights.html]
[symbiot4.creatingo.com/cameras.html]
[symbiot4.creatingo.com/appliances.html]
[symbiot4.creatingo.com/climate.html]
[symbiot4.creatingo.com/assets/images/symbiot4.svg]
